version: dabs-mod 56055e675 (x86_64-linux)
startup date: 18 Sep 2026 06:48:35
base dir: /home/sdg/perfect-dark/perfect_dark/build/data
save dir: /home/sdg/perfect-dark/perfect_dark/build
SDL: created GL3.0 context
GL: using GLSL version 130
gebean: GoldenEye XBLA characters in /home/sdg/perfect-dark/perfect_dark/build/xbla/goldeneye/files
mod: 91 installed: 2xw_nr_patch_v1, PD_Kakariko, spooky_dark_vault, PD11GEWeaponsBoth, cvmp, GoldenEye Arenas, PerfectDark_2XW-NR_patch_v1, chicagoresturanteasier, g5basemission_omegacop13_old, DarkCorps_Part_Three(BETA), g5basemission_omegacop13, MarioCharacters_Mario v1.1
mod: 91 mods mounted for their maps
ERROR: fsFileLoad: could not find file: /home/sdg/perfect-dark/perfect_dark/build/mods/GE Gun Name Display - PD Names/segs/data
ERROR: moddata: could not load /home/sdg/perfect-dark/perfect_dark/build/mods/GE Gun Name Display - PD Names/segs/data to borrow from
modborrow: GoldenEye's guns come from `GE-X_6a_01-19-25` (25 of 25 slots)
input: assigned controller '0: (DualSense Wireless Controller)' (id 0) to player 0
input: GUID for controller 0: 030057564c050000e60c000000016800
crash: 3 reports waiting to be sent ($S/crashreports/crash-20260918-064554.txt)
ROM file: pd.ntsc-final.z64
loading segment fontjpnsingle from ROM (offset 00194b20 pointer 0x7fa8a48dfb30)
loading segment fontjpnmulti from ROM (offset 0019fb40 pointer 0x7fa8a48eab50)
loading segment animations from ROM (offset 001a15c0 pointer 0x7fa8a48ec5d0)
loading segment mpconfigs from ROM (offset 007d0a40 pointer 0x7fa8a4f1ba50)
loading segment mpstringsE from ROM (offset 007d1c20 pointer 0x7fa8a4f1cc30)
loading segment mpstringsJ from ROM (offset 007d5320 pointer 0x7fa8a4f20330)
loading segment mpstringsP from ROM (offset 007d8a20 pointer 0x7fa8a4f23a30)
loading segment mpstringsG from ROM (offset 007dc120 pointer 0x7fa8a4f27130)
loading segment mpstringsF from ROM (offset 007df820 pointer 0x7fa8a4f2a830)
loading segment mpstringsS from ROM (offset 007e2f20 pointer 0x7fa8a4f2df30)
loading segment mpstringsI from ROM (offset 007e6620 pointer 0x7fa8a4f31630)
loading segment firingrange from ROM (offset 007e9d20 pointer 0x7fa8a4f34d30)
loading segment fonttahoma from ROM (offset 007f7860 pointer 0x7fa8a4f42870)
loading segment fontnumeric from ROM (offset 007f8b20 pointer 0x7fa8a4f43b30)
loading segment fonthandelgothicsm from ROM (offset 007f9d30 pointer 0x7fa8a4f44d40)
loading segment fonthandelgothicxs from ROM (offset 007fbfb0 pointer 0x7fa8a4f46fc0)
loading segment fonthandelgothicmd from ROM (offset 007fdd80 pointer 0x7fa8a4f48d90)
loading segment fonthandelgothiclg from ROM (offset 008008e0 pointer 0x7fa8a4f4b8f0)
loading segment sfxctl from ROM (offset 0080a250 pointer 0x7fa8a4f55260)
loading segment sfxtbl from ROM (offset 00839dd0 pointer 0x7fa8a4f84de0)
loading segment seqctl from ROM (offset 00cfbf30 pointer 0x7fa8a5446f40)
loading segment seqtbl from ROM (offset 00d05f90 pointer 0x7fa8a5450fa0)
loading segment sequences from ROM (offset 00e82000 pointer 0x7fa8a55cd010)
loading segment texturesdata from ROM (offset 01d65f40 pointer 0x7fa8a64b0f50)
loading segment textureslist from ROM (offset 01ff7ca0 pointer 0x7fa8a6742cb0)
loading segment copyright from ROM (offset 01ffea20 pointer 0x7fa8a6749a30)
skipping segment fontjpn
romdataInit: loaded rom, size = 33554432
modloader: mp2 (2xw_nr_patch_v1) -> stage 0x51
modloader: 2xw_nr_patch_v1 registered 1 of 1 maps
modloader: Car Park (PD_Kakariko) -> stage 0x52
modloader: Felicity (PD_Kakariko) -> stage 0x53
modloader: Abandoned (PD_Kakariko) -> stage 0x54
modloader: Playground (PD_Kakariko) -> stage 0x55
modloader: Noche cerrada (PD_Kakariko) -> stage 0x56
modloader: Stormy (PD_Kakariko) -> stage 0x57
modloader: Bizarre (PD_Kakariko) -> stage 0x58
modloader: PD_Kakariko registered 7 of 7 maps
modloader: spooky_dark_vault registered 0 of 0 maps
modloader: Dam (GoldenEye Arenas) -> stage 0x59
modloader: Runway (GoldenEye Arenas) -> stage 0x02
modloader: Statue Park (GoldenEye Arenas) -> stage 0x03
modloader: Train (GoldenEye Arenas) -> stage 0x04
modloader: Streets (GoldenEye Arenas) -> stage 0x05
modloader: Jungle (GoldenEye Arenas) -> stage 0x06
modloader: Caves (GoldenEye Arenas) -> stage 0x07
modloader: Temple (GoldenEye Arenas) -> stage 0x08
modloader: Complex (GoldenEye Arenas) -> stage 0x0a
modloader: Library (GoldenEye Arenas) -> stage 0x0b
modloader: Basement (GoldenEye Arenas) -> stage 0x0c
modloader: Stack (GoldenEye Arenas) -> stage 0x0d
modloader: Facility (GoldenEye Arenas) -> stage 0x0e
modloader: Bunker (GoldenEye Arenas) -> stage 0x0f
modloader: Archives (GoldenEye Arenas) -> stage 0x10
modloader: Caverns (GoldenEye Arenas) -> stage 0x11
modloader: Egyptian (GoldenEye Arenas) -> stage 0x12
modloader: Cradle (GoldenEye Arenas) -> stage 0x13
modloader: Surface (GoldenEye Arenas) -> stage 0x15
modloader: Surface 2 (GoldenEye Arenas) -> stage 0x5e
modloader: Silo (GoldenEye Arenas) -> stage 0x5f
modloader: Frigate (GoldenEye Arenas) -> stage 0x60
modloader: Depot (GoldenEye Arenas) -> stage 0x61
modloader: Control (GoldenEye Arenas) -> stage 0x62
modloader: Bunker 1 (GoldenEye Arenas) -> stage 0x63
modloader: Aztec (GoldenEye Arenas) -> stage 0x64
modloader: /home/sdg/perfect-dark/perfect_dark/build/mods/GoldenEye Arenas brings 217 models for its maps
modloader: Dam -> stage 0x65
modloader: Runway -> stage 0x66
modloader: Statue Park -> stage 0x67
modloader: Train -> stage 0x68
modloader: Streets -> stage 0x69
modloader: Jungle -> stage 0x6a
modloader: Facility -> stage 0x6b
modloader: Bunker 2 -> stage 0x6c
modloader: Archives -> stage 0x6d
modloader: Caverns -> stage 0x6e
modloader: Egyptian -> stage 0x6f
modloader: Cradle -> stage 0x70
modloader: Surface -> stage 0x71
modloader: Surface 2 -> stage 0x72
modloader: Silo -> stage 0x73
modloader: Frigate -> stage 0x74
modloader: Depot -> stage 0x75
modloader: Control -> stage 0x76
modloader: Bunker -> stage 0x77
modloader: Aztec -> stage 0x78
modloader: /home/sdg/perfect-dark/perfect_dark/build/mods/GoldenEye Arenas: 20 solo missions
modloader: GoldenEye Arenas registered 26 of 26 maps
modloader: Stack (PerfectDark_2XW-NR_pat) -> stage 0x79
modloader: PerfectDark_2XW-NR_patch_v1 registered 1 of 1 maps
modloader: chicagoresturanteasier registered 0 of 0 maps
modloader: depo (g5basemission_omegacop1) -> stage 0x7a
modloader: g5basemission_omegacop13_old registered 1 of 1 maps
modloader: DarkCorps_Part_Three(BETA) registered 0 of 0 maps
modloader: depo (g5basemission_omegacop1) -> stage 0x7b
modloader: g5basemission_omegacop13 registered 1 of 1 maps
modloader: MarioCharacters_Mario v1.1 registered 0 of 0 maps
modloader: GE Gun Name Display registered 0 of 0 maps
modloader: MarioCharacters_Peach v1.1 registered 0 of 0 maps
modloader: dataDyne Central (PerfectDark) -> stage 0x7c
modloader: dataDyne Research (PerfectDar) -> stage 0x7d
modloader: Carrington Villa (PerfectDark) -> stage 0x7e
modloader: Chicago (PerfectDarkAllSoloLe) -> stage 0x7f
modloader: G5 Building (PerfectDarkAllSo) -> stage 0x80
modloader: Area 51 (PerfectDarkAllSoloLe) -> stage 0x81
modloader: Air Base (PerfectDarkAllSoloL) -> stage 0x82
modloader: Air Force One (PerfectDarkAll) -> stage 0x83
modloader: Crash Site (PerfectDarkAllSol) -> stage 0x84
modloader: Pelagic II (PerfectDarkAllSol) -> stage 0x85
modloader: Deep Sea (PerfectDarkAllSoloL) -> stage 0x86
modloader: Carrington Institute (Perfect) -> stage 0x87
modloader: Attack Ship (PerfectDarkAllSo) -> stage 0x88
modloader: Skedar Ruins (PerfectDarkAllS) -> stage 0x89
modloader: PerfectDarkAllSoloLevelsInMultiplayer registered 14 of 14 maps
modloader: DarkCorps_Part2 registered 0 of 0 maps
modloader: dD Central X (Weather Mod Edi) -> stage 0x8a
modloader: dataDyne Research (Weather Mo) -> stage 0x8b
modloader: Carrington Villa (Weather Mod) -> stage 0x8c
modloader: Chicago (Weather Mod Edition ) -> stage 0x8d
modloader: G5 Building (Weather Mod Edit) -> stage 0x8e
modloader: Area 51 (Weather Mod Edition ) -> stage 0x8f
modloader: Air Base (Weather Mod Edition) -> stage 0x90
modloader: Air Force One (Weather Mod Ed) -> stage 0x91
modloader: Crash Site (Weather Mod Editi) -> stage 0x92
modloader: Pelagic II (Weather Mod Editi) -> stage 0x93
modloader: Deep Sea X (Weather Mod Editi) -> stage 0x94
modloader: Carrington Institute (Weather) -> stage 0x95
modloader: Attack Ship (Weather Mod Edit) -> stage 0x96
modloader: Skedar Ruins (Weather Mod Edi) -> stage 0x97
modloader: dD Central (Weather Mod Editi) -> stage 0x98
modloader: Weather Mod Edition TWO registered 15 of 15 maps
modloader: chicagoresturantharder registered 0 of 0 maps
modloader: dataDyne_Facility[Jonaeru](03-15-23)(US) registered 0 of 0 maps
modloader: PerfectDarkChicagoResturantHarder registered 0 of 0 maps
modloader: allsololevelsinmultiplayer registered 0 of 0 maps
modloader: MarioCharacters_Mario v1.0 registered 0 of 0 maps
modloader: MarioCharacters_Peach v1.2 registered 0 of 0 maps
modloader: eld (pde_e2_lzt_w_s_and_w) -> stage 0x99
modloader: azt (pde_e2_lzt_w_s_and_w) -> stage 0x9a
modloader: dam (pde_e2_lzt_w_s_and_w) -> stage 0x9b
modloader: pde_e2_lzt_w_s_and_w registered 3 of 3 maps
modloader: pd_investigation_punk7890_1_1 registered 0 of 0 maps
modloader: datadynewarehouse[jonaeruac67] registered 0 of 0 maps
modloader: MarioCharacters_Mario v1.2 registered 0 of 0 maps
modloader: pdrealguns registered 0 of 0 maps
modloader: dataDyne Central (DEEP SEA X ) -> stage 0x9c
modloader: dataDyne Research (DEEP SEA X) -> stage 0x9d
modloader: Carrington Villa (DEEP SEA X ) -> stage 0x9e
modloader: Chicago (DEEP SEA X w telepor) -> stage 0x9f
modloader: G5 Building (DEEP SEA X w tel) -> stage 0xa0
modloader: Area 51 (DEEP SEA X w telepor) -> stage 0xa1
modloader: Air Base (DEEP SEA X w telepo) -> stage 0xa2
modloader: Air Force One (DEEP SEA X w t) -> stage 0xa3
modloader: Crash Site (DEEP SEA X w tele) -> stage 0xa4
modloader: Pelagic II (DEEP SEA X w tele) -> stage 0xa5
modloader: Deep Sea X (DEEP SEA X w tele) -> stage 0xa6
modloader: Carrington Institute (DEEP SE) -> stage 0xa7
modloader: Attack Ship (DEEP SEA X w tel) -> stage 0xa8
modloader: Skedar Ruins (DEEP SEA X w te) -> stage 0xa9
modloader: DEEP SEA X w teleports 2PL registered 14 of 14 maps
modloader: Spoons (Total Darkness 1.8v () -> stage 0xaa
modloader: Total Darkness 1.8v (HQ MP3) registered 1 of 1 maps
modloader: g5basemission[omegacop13] registered 0 of 0 maps
modloader: datadyne_compound_custom_music registered 0 of 0 maps
modloader: dataDyne Central (PDE_E2_LZT) -> stage 0xab
modloader: dataDyne Research (PDE_E2_LZT) -> stage 0xac
modloader: Villa Rescue (PDE_E2_LZT) -> stage 0xad
modloader: Maian Starcruiser (PDE_E2_LZT) -> stage 0xae
modloader: G5 Building (PDE_E2_LZT) -> stage 0xaf
modloader: Area 51 (PDE_E2_LZT) -> stage 0xb0
modloader: Air Base (PDE_E2_LZT) -> stage 0xb1
modloader: Air Force One X (PDE_E2_LZT) -> stage 0xb2
modloader: Maian Abduction (PDE_E2_LZT) -> stage 0xb3
modloader: Pelagic Stinger (PDE_E2_LZT) -> stage 0xb4
modloader: Deep Sea (PDE_E2_LZT) -> stage 0xb5
modloader: Carrington Institute (PDE_E2_) -> stage 0xb6
modloader: Skedar Warship (PDE_E2_LZT) -> stage 0xb7
modloader: Skedar Ruins (PDE_E2_LZT) -> stage 0xb8
modloader: PDE_E2_LZT registered 14 of 14 maps
modloader: datadyne_compound_no_custom_music_old registered 0 of 0 maps
modloader: Valley (darknoon_valley[mrkan) -> stage 0xb9
modloader: darknoon_valley[mrkane] registered 1 of 1 maps
modloader: mario_mario_v1_1 registered 0 of 0 maps
modloader: mario_peach_v1_3 registered 0 of 0 maps
modloader: MrX v1.01 (Modern) registered 0 of 0 maps
modloader: mario_mario_v1_3 registered 0 of 0 maps
modloader: mario_peach_v1_0 registered 0 of 0 maps
modloader: mp2 (plus_patch_v1) -> stage 0xba
modloader: mp6 (plus_patch_v1) -> stage 0xbb
modloader: plus_patch_v1 registered 2 of 2 maps
modloader: datadyne_compound_custom_music_old registered 0 of 0 maps
modloader: Temple (GEX_5a_09-22-12_Cloud) -> stage 0xbc
modloader: Complex (GEX_5a_09-22-12_Clou) -> stage 0xbd
modloader: Caves (GEX_5a_09-22-12_Cloudl) -> stage 0xbe
modloader: Library (GEX_5a_09-22-12_Clou) -> stage 0xbf
modloader: Basement (GEX_5a_09-22-12_Clo) -> stage 0xc0
modloader: Stack (GEX_5a_09-22-12_Cloudl) -> stage 0xc1
modloader: Facility (GEX_5a_09-22-12_Clo) -> stage 0xc2
modloader: Frigate (GEX_5a_09-22-12_Clou) -> stage 0xc3
modloader: Bunker (GEX_5a_09-22-12_Cloud) -> stage 0xc4
modloader: Archives (GEX_5a_09-22-12_Clo) -> stage 0xc5
modloader: Train (GEX_5a_09-22-12_Cloudl) -> stage 0xc6
modloader: Caverns (GEX_5a_09-22-12_Clou) -> stage 0xc7
modloader: Egyptian (GEX_5a_09-22-12_Clo) -> stage 0xc8
modloader: Citadel (GEX_5a_09-22-12_Clou) -> stage 0xc9
modloader: Labyrinth (GEX_5a_09-22-12_Cl) -> stage 0xca
modloader: Grid (GEX_5a_09-22-12_Cloudle) -> stage 0xcb
modloader: GEX_5a_09-22-12_Cloudless registered 16 of 16 maps
modloader: MarioCharacters_Peach v1.0 registered 0 of 0 maps
modloader: dataDyne Compound[no custom music] registered 0 of 0 maps
modloader: datadyne_compound_no_custom_music registered 0 of 0 maps
modloader: MrX v1.01 (Classic) registered 0 of 0 maps
modloader: deep_sea_x_w_teleports_2pl registered 0 of 0 maps
modloader: mrx_v1_01_classic registered 0 of 0 maps
modloader: MarioCharacters_Mario v1.3 registered 0 of 0 maps
modloader: suburb registered 0 of 0 maps
modloader: mario_mario_v1_2 registered 0 of 0 maps
modloader: mario_peach_v1_2 registered 0 of 0 maps
modloader: Spoons (Total Darkness (Final) -> stage 0xcc
modloader: Total Darkness (Final Version) 1.8v registered 1 of 1 maps
modloader: dD Central X (Weather Mod Edi) -> stage 0xcd
modloader: dataDyne Research (Weather Mo) -> stage 0xce
modloader: Carrington Villa (Weather Mod) -> stage 0xcf
modloader: Chicago (Weather Mod Edition ) -> stage 0xd0
modloader: G5 Building (Weather Mod Edit) -> stage 0xd1
modloader: Area 51 (Weather Mod Edition ) -> stage 0xd2
modloader: Air Base (Weather Mod Edition) -> stage 0xd3
modloader: Air Force One (Weather Mod Ed) -> stage 0xd4
modloader: Crash Site (Weather Mod Editi) -> stage 0xd5
modloader: Pelagic II (Weather Mod Editi) -> stage 0xd6
modloader: Deep Sea X (Weather Mod Editi) -> stage 0xd7
modloader: Carrington Institute (Weather) -> stage 0xd8
modloader: Attack Ship (Weather Mod Edit) -> stage 0xd9
modloader: Skedar Ruins (Weather Mod Edi) -> stage 0xda
modloader: dD Central (Weather Mod Editi) -> stage 0xdb
modloader: Weather Mod Edition ONE registered 15 of 15 maps
modloader: PD_Investigation_Punk7890_1-1 registered 0 of 0 maps
modloader: Temple (GE-X_6a_01-19-25) -> stage 0xdc
modloader: Complex (GE-X_6a_01-19-25) -> stage 0xdd
modloader: Caves (GE-X_6a_01-19-25) -> stage 0xde
modloader: Library (GE-X_6a_01-19-25) -> stage 0xdf
modloader: Basement (GE-X_6a_01-19-25) -> stage 0xe0
modloader: Stack (GE-X_6a_01-19-25) -> stage 0xe1
modloader: Facility (GE-X_6a_01-19-25) -> stage 0xe2
modloader: Bunker (GE-X_6a_01-19-25) -> stage 0xe3
modloader: Archives (GE-X_6a_01-19-25) -> stage 0xe4
modloader: Caverns (GE-X_6a_01-19-25) -> stage 0xe5
modloader: Egyptian (GE-X_6a_01-19-25) -> stage 0xe6
modloader: Facility BZ (GE-X_6a_01-19-25) -> stage 0xe7
modloader: Frigate (GE-X_6a_01-19-25) -> stage 0xe8
modloader: Archives BZ (GE-X_6a_01-19-25) -> stage 0xe9
modloader: Streets (GE-X_6a_01-19-25) -> stage 0xea
modloader: Train (GE-X_6a_01-19-25) -> stage 0xeb
modloader: Cradle (GE-X_6a_01-19-25) -> stage 0xec
modloader: Aztec (GE-X_6a_01-19-25) -> stage 0xed
modloader: Citadel (GE-X_6a_01-19-25) -> stage 0xee
modloader: Labyrinth (GE-X_6a_01-19-25) -> stage 0xef
modloader: Icicle Pyramid (GE-X_6a_01-19) -> stage 0xf0
modloader: Cliff Base (GE-X_6a_01-19-25) -> stage 0xf1
modloader: GE-X_6a_01-19-25 registered 22 of 22 maps
modloader: mario_mario_v1_0 registered 0 of 0 maps
modloader: mrx_v1_01_modern registered 0 of 0 maps
modloader: datadyne_facility_jonaeru_03_15_23us registered 0 of 0 maps
modloader: A51SecretAgentPDCustomAC67 registered 0 of 0 maps
modloader: pam (datadynewarehouse_jonaer) -> stage 0xf2
modloader: datadynewarehouse_jonaeruac67 registered 1 of 1 maps
modloader: g5_car_park_jonaeru_us registered 0 of 0 maps
modloader: mario_peach_v1_1 registered 0 of 0 maps
modloader: G5_Car_Park[Jonaeru](US) registered 0 of 0 maps
modloader: PerfectDarkChicagoResturantEasier registered 0 of 0 maps
modloader: pam (datadynewarehousejonaeru) -> stage 0xf3
modloader: datadynewarehousejonaeruac6710_23_13 registered 1 of 1 maps
modloader: Caves (PerfectDark_Plus_patch) -> stage 0xf4
modloader: Stack (PerfectDark_Plus_patch) -> stage 0xf5
modloader: PerfectDark_Plus_patch_v1 registered 2 of 2 maps
modloader: weather_mod_edition_two registered 0 of 0 maps
modloader: weather_mod_edition_one registered 0 of 0 maps
modloader: datadynewarehousejonaeruac6710-23-13 registered 0 of 0 maps
modloader: DarkCrops(BlastCorps_songs_in_PD registered 0 of 0 maps
modloader: dataDyne Compound[custom music] registered 0 of 0 maps
modloader: MarioCharacters_Peach v1.3 registered 0 of 0 maps
modloader: mp13 (kakariko) -> stage 0xf6
modloader: arec (kakariko) -> stage 0xf7
modloader: ref (kakariko) -> stage 0xf8
modloader: mp20 (kakariko) -> stage 0xf9
modloader: kakariko registered 4 of 4 maps
modloader: mp2 (gex_imported) -> stage 0xfa
modloader: mp12 (gex_imported) -> stage 0xfb
modloader: mp4 (gex_imported) -> stage 0xfc
modloader: mp15 (gex_imported) -> stage 0xfd
modloader: mp13 has only placeholder geometry; skipped
modloader: ear (gex_imported) -> stage 0xfe
modloader: oat (gex_imported) -> stage 0xff
modloader: cryp has only placeholder geometry; skipped
modloader: gex_imported registered 6 of 23 maps
WARNING: modloader: out of usable stage numbers; 17 maps skipped
modloader: goldfinger_64 registered 0 of 4 maps
WARNING: modloader: out of usable stage numbers; 4 maps skipped
modloader: mp13 has only placeholder geometry; skipped
modloader: cryp has only placeholder geometry; skipped
modloader: gex_data registered 0 of 23 maps
WARNING: modloader: out of usable stage numbers; 23 maps skipped
modloader: dark_noon registered 0 of 4 maps
WARNING: modloader: out of usable stage numbers; 4 maps skipped
modloader: allinone registered 0 of 19 maps
WARNING: modloader: out of usable stage numbers; 19 maps skipped
modloader: mp6 has only placeholder geometry; skipped
modloader: cryp has only placeholder geometry; skipped
modloader: mp17 has only placeholder geometry; skipped
modloader: gex registered 0 of 30 maps
WARNING: modloader: out of usable stage numbers; 30 maps skipped
modborrow: 22 of `GE-X_6a_01-19-25`'s arenas take its own stage rows, 10 skies and its props
gebean: 0 GoldenEye guns in the Combat Simulator's weapons, 25 with the release's pickup
modborrow: 54 characters and 52 heads from `GE-X_6a_01-19-25` in the Combat Simulator's lists (106 rows)
memp heap at 0x7fa87bfff010 - 0x7fa87ffff010
rom  file at 0x7fa8a474b010 - 0x7fa8a674b010
boot stage set to 0x26
xbla: using /home/sdg/perfect-dark/perfect_dark/build/xbla/Perfect Dark XBLA.7z
modborrow: 44 music tracks from `GE-X_6a_01-19-25` in the Combat Simulator's list
modborrow: 14 weapon sets from `GE-X_6a_01-19-25` in the Combat Simulator's list
modborrow: 25 of GoldenEye's guns from `GE-X_6a_01-19-25`, with 40 animations and 33 sounds of its own
gebean: 25 GoldenEye guns in the Combat Simulator's weapons, 25 with the release's pickup
modborrow: 54 characters and 52 heads from `GE-X_6a_01-19-25` in the Combat Simulator's lists (106 rows)
xbla: using the copy unpacked in /home/sdg/perfect-dark/perfect_dark/build/xbla/.unpacked; it can go, the next unpack lands in /home/sdg/perfect-dark/perfect_dark/build/cache/xbla
xblamesh: 2616 slots in /home/sdg/perfect-dark/perfect_dark/build/xbla/.unpacked/Perfect Dark/8292DB976888C5DCD68C695F11B3DFED5F4512E858
setup: 9 chr entries, 9 spawned, 0 refused for something in the way at the pad
xblatex: 5747 texture records in /home/sdg/perfect-dark/perfect_dark/build/xbla/.unpacked/Perfect Dark/8292DB976888C5DCD68C695F11B3DFED5F4512E858
xblatex: record 3515 decoded, 1024x512 format 6
xblafont: DataFiles/Handel Gothic_46.abc, 184 glyphs in record 0dbb
xblafont: font 4 sits on DataFiles/Handel Gothic_46.abc at 0.1218 x + -0.575, 27 of 28 anchors, condensed to 0.648
music: sequence 108 starts as track type 1
xblatex: record 2867 decoded, 32x32 format 6
xblatex: record 2868 decoded, 32x32 format 6
xblatex: record 800 decoded, 32x64 format 6
xblatex: record 768 decoded, 32x32 format 6
xblatex: record 801 decoded, 32x64 format 6
xblatex: record 802 decoded, 32x64 format 6
xblatex: record 775 decoded, 32x32 format 6
xblatex: record 769 decoded, 32x48 format 6
xblatex: record 770 decoded, 32x48 format 6
xblatex: record 773 decoded, 32x48 format 6
xblatex: record 766 decoded, 64x16 format 6
xblatex: record 765 decoded, 48x32 format 6
xblatex: record 3258 decoded, 32x32 format 6
xblatex: record 771 decoded, 32x48 format 6
xblatex: record 3259 decoded, 48x32 format 6
xblafont: DataFiles/Handel Gothic_54.abc, 184 glyphs in record 0dbc
xblafont: font 1 sits on DataFiles/Handel Gothic_54.abc at 0.1947 x + -1.472, 141 of 186 anchors, condensed to 0.908
xblafont: DataFiles/Handel Gothic_22.abc, 184 glyphs in record 0dba
xblafont: font 2 sits on DataFiles/Handel Gothic_22.abc at 0.2528 x + 0.315, 151 of 186 anchors, condensed to 0.931
music: sequence 89 starts as track type 3
xblafont: font 0 sits on DataFiles/Handel Gothic_46.abc at 0.1684 x + -1.099, 152 of 186 anchors, condensed to 0.891
file 3161 (Pgx278Z) loaded externally
file 3162 (Cgx005Z) loaded externally
file 3163 (Cgx078Z) loaded externally
file 3164 (Pgx191Z) loaded externally
music: sequence 163 starts as track type 3
file 3165 (Pgx277Z) loaded externally
file 3166 (Pgx193Z) loaded externally
file 3167 (Cgx016Z) loaded externally
file 3168 (Pgx208Z) loaded externally
file 3169 (Cgx009Z) loaded externally
file 3170 (Pgx205Z) loaded externally
file 3171 (Cgx011Z) loaded externally
file 3172 (Cgx007Z) loaded externally
file 3173 (Pgx185Z) loaded externally
file 3174 (Cgx006Z) loaded externally
file 3175 (Pgx187Z) loaded externally
file 3176 (Cgx010Z) loaded externally
file 3177 (Pgx195Z) loaded externally
file 3178 (Cgx019Z) loaded externally
file 3179 (Cgx069Z) loaded externally
file 3180 (Cgx014Z) loaded externally
file 3181 (Cgx013Z) loaded externally
file 3182 (Cgx015Z) loaded externally
file 3183 (Pgx197Z) loaded externally
file 3184 (Cgx012Z) loaded externally
music: sequence 164 starts as track type 3
shutdown
xblatex: 0 records bound, 109 decodes
